Status	/media/vera/big_data/mr_genoms/marburg.gesund.september/62720_S6_L001.bam	/media/vera/big_data/mr_genoms/marburg.gesund.september/63120_S8_L001.bam	/media/vera/big_data/mr_genoms/marburg.gesund.september/63220_S9_L001.bam	/media/vera/big_data/mr_genoms/marburg.gesund.september/63320_S1_L001.bam	/media/vera/big_data/mr_genoms/marburg.gesund.september/63420_S1_L001.bam	/media/vera/big_data/mr_genoms/marburg.gesund.september/63520_S2_L001.bam
Assigned	3977974	3739387	2784729	2183613	3181380	3098834
Unassigned_Unmapped	55919	53205	44088	45421	47573	51972
Unassigned_Read_Type	0	0	0	0	0	0
Unassigned_Singleton	0	0	0	0	0	0
Unassigned_MappingQuality	0	0	0	0	0	0
Unassigned_Chimera	0	0	0	0	0	0
Unassigned_FragmentLength	0	0	0	0	0	0
Unassigned_Duplicate	0	0	0	0	0	0
Unassigned_MultiMapping	0	0	0	0	0	0
Unassigned_Secondary	0	0	0	0	0	0
Unassigned_NonSplit	0	0	0	0	0	0
Unassigned_NoFeatures	43634	43810	31259	24513	35347	33055
Unassigned_Overlapping_Length	0	0	0	0	0	0
Unassigned_Ambiguity	557	540	404	317	452	471
